PS C:\vagrant\postgres> vagrant up
Bringing machine 'default' up with 'virtualbox' provider...
==> default: Checking if box 'ubuntu/trusty64' version '20190514.0.0' is up to date...
==> default: Machine already provisioned. Run `vagrant provision` or use the `--provision`
==> default: flag to force provisioning. Provisioners marked to run always will still run.
PS C:\vagrant\postgres> vagrant destroy
    default: Are you sure you want to destroy the 'default' VM? [y/N] y
==> default: Forcing shutdown of VM...
==> default: Destroying VM and associated drives...
PS C:\vagrant\postgres> vagrant up
Bringing machine 'default' up with 'virtualbox' provider...
==> default: Box 'ubuntu/focal64' could not be found. Attempting to find and install...
    default: Box Provider: virtualbox
    default: Box Version: >= 0
==> default: Loading metadata for box 'ubuntu/focal64'
    default: URL: https://vagrantcloud.com/api/v2/vagrant/ubuntu/focal64
==> default: Adding box 'ubuntu/focal64' (v20240118.0.0) for provider: virtualbox
    default: Downloading: https://vagrantcloud.com/ubuntu/boxes/focal64/versions/20240118.0.0/providers/virtualbox/unknown/vagrant.box
Download redirected to host: cloud-images.ubuntu.com
    default:
==> default: Successfully added box 'ubuntu/focal64' (v20240118.0.0) for 'virtualbox'!
==> default: Importing base box 'ubuntu/focal64'...
==> default: Matching MAC address for NAT networking...
==> default: Checking if box 'ubuntu/focal64' version '20240118.0.0' is up to date...
==> default: Setting the name of the VM: postgres_default_1706127312227_96723
==> default: Clearing any previously set network interfaces...
==> default: Preparing network interfaces based on configuration...
    default: Adapter 1: nat
==> default: Forwarding ports...
    default: 5432 (guest) => 8000 (host) (adapter 1)
    default: 22 (guest) => 2222 (host) (adapter 1)
==> default: Running 'pre-boot' VM customizations...
==> default: Booting VM...
==> default: Waiting for machine to boot. This may take a few minutes...
    default: SSH address: 127.0.0.1:2222
    default: SSH username: vagrant
    default: SSH auth method: private key
    default: Warning: Connection reset. Retrying...
    default: Warning: Connection aborted. Retrying...
    default:
    default: Vagrant insecure key detected. Vagrant will automatically replace
    default: this with a newly generated keypair for better security.
    default:
    default: Inserting generated public key within guest...
    default: Removing insecure key from the guest if it's present...
    default: Key inserted! Disconnecting and reconnecting using new SSH key...
==> default: Machine booted and ready!
==> default: Checking for guest additions in VM...
    default: The guest additions on this VM do not match the installed version of
    default: VirtualBox! In most cases this is fine, but in rare cases it can
    default: prevent things such as shared folders from working properly. If you see
    default: shared folder errors, please make sure the guest additions within the
    default: virtual machine match the version of VirtualBox you have installed on
    default: your host and reload your VM.
    default:
    default: Guest Additions Version: 6.1.38
    default: VirtualBox Version: 7.0
==> default: Mounting shared folders...
    default: /vagrant => C:/vagrant/postgres
==> default: Running provisioner: shell...
    default: Running: C:/Users/vajie/AppData/Local/Temp/vagrant-shell20240124-9788-zx05j.sh
    default: Warning: apt-key output should not be parsed (stdout is not a terminal)
    default: OK
    default: Get:1 http://security.ubuntu.com/ubuntu focal-security InRelease [114 kB]
    default: Hit:2 http://archive.ubuntu.com/ubuntu focal InRelease
    default: Get:3 http://archive.ubuntu.com/ubuntu focal-updates InRelease [114 kB]
    default: Get:4 http://security.ubuntu.com/ubuntu focal-security/main amd64 Packages [2648 kB]
    default: Get:5 http://apt.postgresql.org/pub/repos/apt focal-pgdg InRelease [123 kB]
    default: Get:6 http://security.ubuntu.com/ubuntu focal-security/main Translation-en [406 kB]
    default: Get:7 http://security.ubuntu.com/ubuntu focal-security/restricted amd64 Packages [2462 kB]
    default: Get:8 http://apt.postgresql.org/pub/repos/apt focal-pgdg/main amd64 Packages [294 kB]
    default: Get:9 http://security.ubuntu.com/ubuntu focal-security/restricted Translation-en [343 kB]
    default: Get:10 http://archive.ubuntu.com/ubuntu focal-backports InRelease [108 kB]
    default: Get:11 http://security.ubuntu.com/ubuntu focal-security/universe amd64 Packages [929 kB]
    default: Get:12 http://security.ubuntu.com/ubuntu focal-security/universe Translation-en [196 kB]
    default: Get:13 http://security.ubuntu.com/ubuntu focal-security/universe amd64 c-n-f Metadata [19.2 kB]
    default: Get:14 http://security.ubuntu.com/ubuntu focal-security/multiverse amd64 Packages [23.9 kB]
    default: Get:15 http://security.ubuntu.com/ubuntu focal-security/multiverse Translation-en [5796 B]
    default: Get:16 http://security.ubuntu.com/ubuntu focal-security/multiverse amd64 c-n-f Metadata [548 B]
    default: Get:17 http://archive.ubuntu.com/ubuntu focal/universe amd64 Packages [8628 kB]
    default: Get:18 http://archive.ubuntu.com/ubuntu focal/universe Translation-en [5124 kB]
    default: Get:19 http://archive.ubuntu.com/ubuntu focal/universe amd64 c-n-f Metadata [265 kB]
    default: Get:20 http://archive.ubuntu.com/ubuntu focal/multiverse amd64 Packages [144 kB]
    default: Get:21 http://archive.ubuntu.com/ubuntu focal/multiverse Translation-en [104 kB]
    default: Get:22 http://archive.ubuntu.com/ubuntu focal/multiverse amd64 c-n-f Metadata [9136 B]
    default: Get:23 http://archive.ubuntu.com/ubuntu focal-updates/main amd64 Packages [3030 kB]
    default: Get:24 http://archive.ubuntu.com/ubuntu focal-updates/restricted amd64 Packages [2579 kB]
    default: Get:25 http://archive.ubuntu.com/ubuntu focal-updates/restricted Translation-en [360 kB]
    default: Get:26 http://archive.ubuntu.com/ubuntu focal-updates/universe amd64 Packages [1155 kB]
    default: Get:27 http://archive.ubuntu.com/ubuntu focal-updates/universe Translation-en [277 kB]
    default: Get:28 http://archive.ubuntu.com/ubuntu focal-updates/universe amd64 c-n-f Metadata [25.7 kB]
    default: Get:29 http://archive.ubuntu.com/ubuntu focal-updates/multiverse amd64 Packages [26.1 kB]
    default: Get:30 http://archive.ubuntu.com/ubuntu focal-updates/multiverse Translation-en [7768 B]
    default: Get:31 http://archive.ubuntu.com/ubuntu focal-updates/multiverse amd64 c-n-f Metadata [620 B]
    default: Get:32 http://archive.ubuntu.com/ubuntu focal-backports/main amd64 Packages [45.7 kB]
    default: Get:33 http://archive.ubuntu.com/ubuntu focal-backports/main Translation-en [16.3 kB]
    default: Get:34 http://archive.ubuntu.com/ubuntu focal-backports/main amd64 c-n-f Metadata [1420 B]
    default: Get:35 http://archive.ubuntu.com/ubuntu focal-backports/restricted amd64 c-n-f Metadata [116 B]
    default: Get:36 http://archive.ubuntu.com/ubuntu focal-backports/universe amd64 Packages [25.0 kB]
    default: Get:37 http://archive.ubuntu.com/ubuntu focal-backports/universe Translation-en [16.3 kB]
    default: Get:38 http://archive.ubuntu.com/ubuntu focal-backports/universe amd64 c-n-f Metadata [880 B]
    default: Get:39 http://archive.ubuntu.com/ubuntu focal-backports/multiverse amd64 c-n-f Metadata [116 B]
    default: Get:8 http://apt.postgresql.org/pub/repos/apt focal-pgdg/main amd64 Packages [294 kB]
    default: Fetched 29.4 MB in 1min 4s (458 kB/s)
    default: Reading package lists...
    default: Start
    default: Reading package lists...
    default: Building dependency tree...
    default: Reading state information...
    default: The following additional packages will be installed:
    default:   libcommon-sense-perl libjson-perl libjson-xs-perl libossp-uuid16 libpq5
    default:   libtypes-serialiser-perl postgresql-client-8.4 postgresql-client-common
    default:   postgresql-common ssl-cert
    default: Suggested packages:
    default:   uuid oidentd | ident-server postgresql-doc-8.4 libdbd-pg-perl
    default:   openssl-blacklist
    default: The following NEW packages will be installed:
    default:   libcommon-sense-perl libjson-perl libjson-xs-perl libossp-uuid16 libpq5
    default:   libtypes-serialiser-perl postgresql-8.4 postgresql-client-8.4
    default:   postgresql-client-common postgresql-common postgresql-contrib-8.4 ssl-cert
    default: 0 upgraded, 12 newly installed, 0 to remove and 11 not upgraded.
    default: Need to get 5107 kB of archives.
    default: After this operation, 25.2 MB of additional disk space will be used.
    default: Get:1 http://archive.ubuntu.com/ubuntu focal/main amd64 libjson-perl all 4.02000-2 [80.9 kB]
    default: Get:2 http://apt.postgresql.org/pub/repos/apt focal-pgdg/main amd64 postgresql-client-common all 256.pgdg20.04+1 [94.0 kB]
    default: Get:3 http://archive.ubuntu.com/ubuntu focal/main amd64 ssl-cert all 1.0.39 [17.0 kB]
    default: Get:4 http://archive.ubuntu.com/ubuntu focal/main amd64 libcommon-sense-perl amd64 3.74-2build6 [20.1 kB]
    default: Get:5 http://archive.ubuntu.com/ubuntu focal/main amd64 libtypes-serialiser-perl all 1.0-1 [12.1 kB]
    default: Get:6 http://archive.ubuntu.com/ubuntu focal/main amd64 libjson-xs-perl amd64 4.020-1build1 [83.7 kB]
    default: Get:7 http://archive.ubuntu.com/ubuntu focal/universe amd64 libossp-uuid16 amd64 1.6.2-1.5build7 [28.4 kB]
    default: Get:8 http://apt.postgresql.org/pub/repos/apt focal-pgdg/main amd64 postgresql-common all 256.pgdg20.04+1 [238 kB]
    default: Get:9 http://apt.postgresql.org/pub/repos/apt focal-pgdg/main amd64 libpq5 amd64 16.1-1.pgdg20.04+1 [214 kB]
    default: Get:10 http://apt.postgresql.org/pub/repos/apt focal-pgdg/main amd64 postgresql-client-8.4 amd64 8.4.22-9.pgdg20.04+1 [866 kB]
    default: Get:11 http://apt.postgresql.org/pub/repos/apt focal-pgdg/main amd64 postgresql-8.4 amd64 8.4.22-9.pgdg20.04+1 [3094 kB]
    default: Get:11 http://apt.postgresql.org/pub/repos/apt focal-pgdg/main amd64 postgresql-8.4 amd64 8.4.22-9.pgdg20.04+1 [3094 kB]
    default: Get:11 http://apt.postgresql.org/pub/repos/apt focal-pgdg/main amd64 postgresql-8.4 amd64 8.4.22-9.pgdg20.04+1 [3094 kB]
    default: Get:12 http://apt.postgresql.org/pub/repos/apt focal-pgdg/main amd64 postgresql-contrib-8.4 amd64 8.4.22-9.pgdg20.04+1 [358 kB]
    default: dpkg-preconfigure: unable to re-open stdin: No such file or directory
    default: Fetched 2514 kB in 6min 46s (6193 B/s)
    default: Selecting previously unselected package libjson-perl.
(Reading database ... 63759 files and directories currently installed.)
    default: Unpacking libjson-perl (4.02000-2) ...
    default: Selecting previously unselected package postgresql-client-common.
    default: Preparing to unpack .../01-postgresql-client-common_256.pgdg20.04+1_all.deb ...
    default: Unpacking postgresql-client-common (256.pgdg20.04+1) ...
    default: Selecting previously unselected package ssl-cert.
    default: Preparing to unpack .../02-ssl-cert_1.0.39_all.deb ...
    default: Unpacking ssl-cert (1.0.39) ...
    default: Selecting previously unselected package postgresql-common.
    default: Preparing to unpack .../03-postgresql-common_256.pgdg20.04+1_all.deb ...
    default: Adding 'diversion of /usr/bin/pg_config to /usr/bin/pg_config.libpq-dev by postgresql-common'
sion 8.4││ The PostgreSQL version 8.4 is obsolete, but the server or client│ packages are still installed. Please install the latest packages│ (postgresql-16 and postgresql-client-16) and upgrade the existing│ clusters with pg_upgradecluster (see manpage).││ Please be aware that the installation of postgresql-16 will│ automatically create a default cluster 16/main. If you want to upgrade│ the 8.4/main cluster, you need to remove the already existing 16 cluster│ (pg_dropcluster --stop 16 main, see manpage for details).││ The old server and client packages are no longer supported. After the│ existing clusters are upgraded, the postgresql-8.4 and│ postgresql-client-8.4 packages should be removed.││<Ok>││└───────────────────────────────────────────────────────────────────────────┘l.
Vagrant exited after cleanup due to external interrupt._4.020-1build1_amd64.deb ...
    default: Unpacking libjson-xs-perl (4.020-1build1) ...
    default: Selecting previously unselected package libossp-uuid16:amd64.
    default: Preparing to unpack .../07-libossp-uuid16_1.6.2-1.5build7_amd64.deb ...
    default: Unpacking libossp-uuid16:amd64 (1.6.2-1.5build7) ...
    default: Selecting previously unselected package libpq5:amd64.
    default: Preparing to unpack .../08-libpq5_16.1-1.pgdg20.04+1_amd64.deb ...
    default: Unpacking libpq5:amd64 (16.1-1.pgdg20.04+1) ...
    default: Selecting previously unselected package postgresql-client-8.4.
    default: Preparing to unpack .../09-postgresql-client-8.4_8.4.22-9.pgdg20.04+1_amd64.deb ...
    default: Unpacking postgresql-client-8.4 (8.4.22-9.pgdg20.04+1) ...
    default: Selecting previously unselected package postgresql-8.4.
    default: Preparing to unpack .../10-postgresql-8.4_8.4.22-9.pgdg20.04+1_amd64.deb ...
    default: Unpacking postgresql-8.4 (8.4.22-9.pgdg20.04+1) ...
    default: Selecting previously unselected package postgresql-contrib-8.4.
    default: Preparing to unpack .../11-postgresql-contrib-8.4_8.4.22-9.pgdg20.04+1_amd64.deb ...

    default: Unpacking postgresql-contrib-8.4 (8.4.22-9.pgdg20.04+1) ...
    default: Setting up postgresql-client-common (256.pgdg20.04+1) ...
    default: Setting up libpq5:amd64 (16.1-1.pgdg20.04+1) ...
    default: Setting up libcommon-sense-perl (3.74-2build6) ...
    default: Setting up libossp-uuid16:amd64 (1.6.2-1.5build7) ...
    default: Setting up postgresql-client-8.4 (8.4.22-9.pgdg20.04+1) ...
    default: update-alternatives: using /usr/share/postgresql/8.4/man/man1/psql.1.gz to provide /usr/share/man/man1/psql.1.gz (psql.1.gz) in auto mode
    default: Setting up libjson-perl (4.02000-2) ...
    default: Setting up libjson-xs-perl (4.020-1build1) ...
    default: Setting up postgresql-common (256.pgdg20.04+1) ...
==> default: Waiting for cleanup before exiting...
PS C:\vagrant\postgres> vagrant up
Bringing machine 'default' up with 'virtualbox' provider...
An action 'up' was attempted on the machine 'default',
but another process is already executing an action on the machine.
Vagrant locks each machine for access by only one process at a time.
Please wait until the other Vagrant process finishes modifying this
machine, then try again.

If you believe this message is in error, please check the process
listing for any "ruby" or "vagrant" processes and kill them. Then
try again.
Bringing machine 'default' up with 'virtualbox' provider...
==> default: Checking if box 'ubuntu/focal64' version '20240118.0.0' is up to date...
==> default: Clearing any previously set forwarded ports...
==> default: Clearing any previously set network interfaces...
==> default: Preparing network interfaces based on configuration...
    default: Adapter 1: nat
==> default: Forwarding ports...


    default: 5432 (guest) => 8000 (host) (adapter 1)
    default: 22 (guest) => 2222 (host) (adapter 1)
==> default: Running 'pre-boot' VM customizations...
==> default: Booting VM...
==> default: Waiting for machine to boot. This may take a few minutes...
    default: SSH address: 127.0.0.1:2222
    default: SSH auth method: private key
    default: Warning: Connection reset. Retrying...
    default: Warning: Connection aborted. Retrying...
==> default: Machine booted and ready!
==> default: Checking for guest additions in VM...
    default: The guest additions on this VM do not match the installed version of
    default: VirtualBox! In most cases this is fine, but in rare cases it can
    default: prevent things such as shared folders from working properly. If you see
    default: shared folder errors, please make sure the guest additions within the
    default: virtual machine match the version of VirtualBox you have installed on
    default: your host and reload your VM.
    default:
    default: Guest Additions Version: 6.1.38
    default: VirtualBox Version: 7.0
==> default: Mounting shared folders...
    default: /vagrant => C:/vagrant/postgres
==> default: Machine already provisioned. Run `vagrant provision` or use the `--provision`
==> default: flag to force provisioning. Provisioners marked to run always will still run.
Bringing machine 'default' up with 'virtualbox' provider...
==> default: Checking if box 'ubuntu/focal64' version '20240118.0.0' is up to date...
==> default: Running provisioner: shell...
    default: Running: C:/Users/vajie/AppData/Local/Temp/vagrant-shell20240124-9096-jyh04v.sh
    default: Warning: apt-key output should not be parsed (stdout is not a terminal)

    default: OK
    default: Hit:1 http://apt.postgresql.org/pub/repos/apt focal-pgdg InRelease
    default: Hit:2 http://archive.ubuntu.com/ubuntu focal InRelease
    default: Get:3 http://archive.ubuntu.com/ubuntu focal-updates InRelease [114 kB]
    default: Hit:4 http://archive.ubuntu.com/ubuntu focal-backports InRelease
    default: Get:5 http://archive.ubuntu.com/ubuntu focal-updates/main amd64 Packages [3030 kB]
    default: Hit:6 http://security.ubuntu.com/ubuntu focal-security InRelease
    default: Get:7 http://archive.ubuntu.com/ubuntu focal-updates/universe amd64 Packages [1155 kB]
    default: Get:8 http://archive.ubuntu.com/ubuntu focal-updates/multiverse amd64 Packages [26.1 kB]
    default: Fetched 4325 kB in 3s (1496 kB/s)
    default: Reading package lists...
    default: Start
    default: E: dpkg was interrupted, you must manually run 'sudo dpkg --configure -a' to correct the problem.
    default: sudo: unknown user: postgres
    default: sudo: unable to initialize policy plugin
    default: sudo: unknown user: postgres
    default: sudo: unable to initialize policy plugin
    default: sed: can't read /etc/postgresql/8.4/main/postgresql.conf: No such file or directory
    default: /tmp/vagrant-shell: line 42: /etc/postgresql/8.4/main/pg_hba.conf: No such file or directory
    default: /tmp/vagrant-shell: line 45: /etc/postgresql/8.4/main/postgresql.conf: No such file or directory
    default: E: dpkg was interrupted, you must manually run 'sudo dpkg --configure -a' to correct the problem.
The SSH command responded with a non-zero exit status. Vagrant
assumes that this means the command failed. The output for this command
should be in the log above. Please read the output to determine what
went wrong.
Bringing machine 'default' up with 'virtualbox' provider...
==> default: Checking if box 'ubuntu/focal64' version '20240118.0.0' is up to date...
==> default: Running provisioner: shell...
    default: Running: C:/Users/vajie/AppData/Local/Temp/vagrant-shell20240124-5168-2j95iu.sh
    default: Warning: apt-key output should not be parsed (stdout is not a terminal)
    default: OK
    default: Hit:1 http://apt.postgresql.org/pub/repos/apt focal-pgdg InRelease
    default: Hit:2 http://archive.ubuntu.com/ubuntu focal InRelease
    default: Hit:3 http://security.ubuntu.com/ubuntu focal-security InRelease
    default: Hit:4 http://archive.ubuntu.com/ubuntu focal-updates InRelease
    default: Hit:5 http://archive.ubuntu.com/ubuntu focal-backports InRelease
    default: Reading package lists...
    default: Start
    default: Reading package lists...
    default: Building dependency tree...
    default: Reading state information...
    default: postgresql-8.4 is already the newest version (8.4.22-9.pgdg20.04+1).
    default: postgresql-contrib-8.4 is already the newest version (8.4.22-9.pgdg20.04+1).
    default: 0 upgraded, 0 newly installed, 0 to remove and 11 not upgraded.
    default: ERROR:  syntax error at or near "EXTENSION"
    default: LINE 1: CREATE EXTENSION adminpack;
    default:                ^
    default: ALTER ROLE
    default: Reading package lists...
    default: Building dependency tree...
    default: Reading state information...
    default: Calculating upgrade...
    default: The following packages will be upgraded:
    default:   libgnutls30 libnss-systemd libpam-systemd libssh-4 libsystemd0 libudev1
    default:   systemd systemd-sysv systemd-timesyncd udev virtualbox-guest-utils
    default: 11 upgraded, 0 newly installed, 0 to remove and 0 not upgraded.
    default: Need to get 7731 kB of archives.
    default: After this operation, 20.5 kB of additional disk space will be used.
    default: Get:1 http://archive.ubuntu.com/ubuntu focal-updates/main amd64 libnss-systemd amd64 245.4-4ubuntu3.23 [96.2 kB]
    default: Get:2 http://archive.ubuntu.com/ubuntu focal-updates/main amd64 udev amd64 245.4-4ubuntu3.23 [1366 kB]
    default: Get:3 http://archive.ubuntu.com/ubuntu focal-updates/main amd64 libudev1 amd64 245.4-4ubuntu3.23 [75.6 kB]
    default: Get:4 http://archive.ubuntu.com/ubuntu focal-updates/main amd64 systemd-sysv amd64 245.4-4ubuntu3.23 [10.3 kB]
    default: Get:5 http://archive.ubuntu.com/ubuntu focal-updates/main amd64 systemd-timesyncd amd64 245.4-4ubuntu3.23 [28.1 kB]
    default: Get:6 http://archive.ubuntu.com/ubuntu focal-updates/main amd64 libpam-systemd amd64 245.4-4ubuntu3.23 [186 kB]
    default: Get:7 http://archive.ubuntu.com/ubuntu focal-updates/main amd64 libgnutls30 amd64 3.6.13-2ubuntu1.10 [827 kB]
    default: Get:8 http://archive.ubuntu.com/ubuntu focal-updates/main amd64 systemd amd64 245.4-4ubuntu3.23 [3811 kB]
    default: Get:9 http://archive.ubuntu.com/ubuntu focal-updates/main amd64 libsystemd0 amd64 245.4-4ubuntu3.23 [268 kB    default: Get:10 http://archive.ubuntu.com/ubuntu focal-updates/main amd64 libssh-4 amd64 0.9.3-2ubuntu2.5 [171 kB]
    default: Get:11 http://archive.ubuntu.com/ubuntu focal-updates/multiverse amd64 virtualbox-guest-utils amd64 6.1.48-dfsg-1~ubuntu1.20.04.1 [892 kB]
    default: dpkg-preconfigure: unable to re-open stdin: No such file or directory
    default: Fetched 7731 kB in 2s (3924 kB/s)
(Reading database ... 64538 files and directories currently installed.)
    default: Preparing to unpack .../libnss-systemd_245.4-4ubuntu3.23_amd64.deb ...
    default: Unpacking libnss-systemd:amd64 (245.4-4ubuntu3.23) over (245.4-4ubuntu3.22) ...
    default: Preparing to unpack .../udev_245.4-4ubuntu3.23_amd64.deb ...
    default: Unpacking udev (245.4-4ubuntu3.23) over (245.4-4ubuntu3.22) ...
    default: Preparing to unpack .../libudev1_245.4-4ubuntu3.23_amd64.deb ...
    default: Unpacking libudev1:amd64 (245.4-4ubuntu3.23) over (245.4-4ubuntu3.22) ...
    default: Setting up libudev1:amd64 (245.4-4ubuntu3.23) ...
(Reading database ... 64538 files and directories currently installed.)
    default: Preparing to unpack .../systemd-sysv_245.4-4ubuntu3.23_amd64.deb ...
    default: Unpacking systemd-sysv (245.4-4ubuntu3.23) over (245.4-4ubuntu3.22) ...
    default: Preparing to unpack .../systemd-timesyncd_245.4-4ubuntu3.23_amd64.deb ...
    default: Unpacking systemd-timesyncd (245.4-4ubuntu3.23) over (245.4-4ubuntu3.22) ...
    default: Preparing to unpack .../libpam-systemd_245.4-4ubuntu3.23_amd64.deb ...
    default: Unpacking libpam-systemd:amd64 (245.4-4ubuntu3.23) over (245.4-4ubuntu3.22) ...
    default: Preparing to unpack .../libgnutls30_3.6.13-2ubuntu1.10_amd64.deb ...
    default: Unpacking libgnutls30:amd64 (3.6.13-2ubuntu1.10) over (3.6.13-2ubuntu1.9) ...
    default: Setting up libgnutls30:amd64 (3.6.13-2ubuntu1.10) ...

(Reading database ... 64538 files and directories currently installed.)
    default: Preparing to unpack .../systemd_245.4-4ubuntu3.23_amd64.deb ...
    default: Unpacking systemd (245.4-4ubuntu3.23) over (245.4-4ubuntu3.22) ...
    default: Preparing to unpack .../libsystemd0_245.4-4ubuntu3.23_amd64.deb ...
    default: Unpacking libsystemd0:amd64 (245.4-4ubuntu3.23) over (245.4-4ubuntu3.22) ...
    default: Setting up libsystemd0:amd64 (245.4-4ubuntu3.23) ...
(Reading database ... 64538 files and directories currently installed.)
    default: Preparing to unpack .../libssh-4_0.9.3-2ubuntu2.5_amd64.deb ...
    default: Unpacking libssh-4:amd64 (0.9.3-2ubuntu2.5) over (0.9.3-2ubuntu2.4) ...
    default: Preparing to unpack .../virtualbox-guest-utils_6.1.48-dfsg-1~ubuntu1.20.04.1_amd64.deb ...
    default: Unpacking virtualbox-guest-utils (6.1.48-dfsg-1~ubuntu1.20.04.1) over (6.1.38-dfsg-3~ubuntu1.20.04.1) ...
    default: Setting up virtualbox-guest-utils (6.1.48-dfsg-1~ubuntu1.20.04.1) ...
    default: Setting up udev (245.4-4ubuntu3.23) ...
    default: update-initramfs: deferring update (trigger activated)
    default: Setting up libssh-4:amd64 (0.9.3-2ubuntu2.5) ...
    default: Setting up systemd (245.4-4ubuntu3.23) ...
    default: Setting up systemd-timesyncd (245.4-4ubuntu3.23) ...
    default: Setting up systemd-sysv (245.4-4ubuntu3.23) ...
    default: Setting up libnss-systemd:amd64 (245.4-4ubuntu3.23) ...
    default: Setting up libpam-systemd:amd64 (245.4-4ubuntu3.23) ...
    default: Processing triggers for libc-bin (2.31-0ubuntu9.14) ...
    default: Processing triggers for man-db (2.9.1-1) ...
    default: Processing triggers for dbus (1.12.16-2ubuntu2.3) ...
    default: Processing triggers for initramfs-tools (0.136ubuntu6.7) ...
    default: update-initramfs: Generating /boot/initrd.img-5.4.0-169-generic
Welcome to Ubuntu 20.04.6 LTS (GNU/Linux 5.4.0-169-generic x86_64)

 * Documentation:  https://help.ubuntu.com
 * Management:     https://landscape.canonical.com
 * Support:        https://ubuntu.com/pro

  System information as of Wed Jan 24 20:47:56 UTC 2024

  System load:  0.65              Processes:               122
  Usage of /:   4.4% of 38.70GB   Users logged in:         1
  Memory usage: 22%               IPv4 address for enp0s3: 10.0.2.15
  Swap usage:   0%

 * Strictly confined Kubernetes makes edge and IoT secure. Learn how MicroK8s
   just raised the bar for easy, resilient and secure K8s cluster deployment.

   https://ubuntu.com/engage/secure-kubernetes-at-the-edge

Expanded Security Maintenance for Applications is not enabled.

0 updates can be applied immediately.

Enable ESM Apps to receive additional future security updates.
See https://ubuntu.com/esm or run: sudo pro status

New release '22.04.3 LTS' available.
Run 'do-release-upgrade' to upgrade to it.


*** System restart required ***
Last login: Wed Jan 24 20:44:31 2024
vagrant@ubuntu-focal:~$ su -
Password:
su: Authentication failure
vagrant@ubuntu-focal:~$ sudo su
root@ubuntu-focal:/home/vagrant# su - postgres
postgres@ubuntu-focal:~$ systemctl status postgresql
● postgresql.service - PostgreSQL RDBMS
     Loaded: loaded (/lib/systemd/system/postgresql.service; enabled; vendor preset: enabled)
     Active: active (exited) since Wed 2024-01-24 20:47:00 UTC; 2min 27s ago
   Main PID: 5729 (code=exited, status=0/SUCCESS)
      Tasks: 0 (limit: 1117)
     Memory: 0B
     CGroup: /system.slice/postgresql.service
postgres@ubuntu-focal:~$ Connection to 127.0.0.1 closed by remote host.
Connection to 127.0.0.1 closed.
PS C:\vagrant\postgres>